<!doctype HTML>
<html>
<head>
  <title>Icons Preview!</title>
  <style>
    body {
      background-image: linear-gradient(#eee 25%, transparent 25%, transparent), linear-gradient(#eee 25%, transparent 25%, transparent), linear-gradient(transparent 75%, #eee 75%), linear-gradient(transparent 75%, #eee 75%);
      width: 100%;
      background-size: 10px 10px;
    }
  </style>
  <link href="bannerminifycss.css" rel="stylesheet">
</head>
<body>
  <pre><code>.icon-add32:</code></pre><div class="icon-add32" style="width: 612px; height: 792px;" ></div><hr/>
  <pre><code>.icon-add34:</code></pre><div class="icon-add34" style="width: 612px; height: 792px;" ></div><hr/>
  <pre><code>.icon-address6:</code></pre><div class="icon-address6" style="width: 612px; height: 792px;" ></div><hr/>
  <pre><code>.icon-address7:</code></pre><div class="icon-address7" style="width: 612px; height: 792px;" ></div><hr/>
  <pre><code>.icon-adult:</code></pre><div class="icon-adult" style="width: 612px; height: 792px;" ></div><hr/>
  <pre><code>.icon-behance1:</code></pre><div class="icon-behance1" style="width: 612px; height: 792px;" ></div><hr/>
  <pre><code>.icon-black53:</code></pre><div class="icon-black53" style="width: 612px; height: 792px;" ></div><hr/>
  <pre><code>.icon-black56:</code></pre><div class="icon-black56" style="width: 612px; height: 792px;" ></div><hr/>
  <pre><code>.icon-blind:</code></pre><div class="icon-blind" style="width: 612px; height: 792px;" ></div><hr/>
  <pre><code>.icon-calendar7:</code></pre><div class="icon-calendar7" style="width: 612px; height: 792px;" ></div><hr/>
  <pre><code>.icon-calendar9:</code></pre><div class="icon-calendar9" style="width: 612px; height: 792px;" ></div><hr/>
  <pre><code>.icon-chat2:</code></pre><div class="icon-chat2" style="width: 612px; height: 792px;" ></div><hr/>
  <pre><code>.icon-check6:</code></pre><div class="icon-check6" style="width: 612px; height: 792px;" ></div><hr/>
  <pre><code>.icon-check7:</code></pre><div class="icon-check7" style="width: 612px; height: 792px;" ></div><hr/>
  <pre><code>.icon-circle12:</code></pre><div class="icon-circle12" style="width: 612px; height: 792px;" ></div><hr/>
  <pre><code>.icon-clock6:</code></pre><div class="icon-clock6" style="width: 612px; height: 792px;" ></div><hr/>
  <pre><code>.icon-closed4:</code></pre><div class="icon-closed4" style="width: 612px; height: 792px;" ></div><hr/>
  <pre><code>.icon-cloud16:</code></pre><div class="icon-cloud16" style="width: 612px; height: 792px;" ></div><hr/>
  <pre><code>.icon-cloud17:</code></pre><div class="icon-cloud17" style="width: 612px; height: 792px;" ></div><hr/>
  <pre><code>.icon-compass5:</code></pre><div class="icon-compass5" style="width: 612px; height: 792px;" ></div><hr/>
  <pre><code>.icon-compass6:</code></pre><div class="icon-compass6" style="width: 612px; height: 792px;" ></div><hr/>
  <pre><code>.icon-css:</code></pre><div class="icon-css" style="width: 612px; height: 792px;" ></div><hr/>
  <pre><code>.icon-delicious2:</code></pre><div class="icon-delicious2" style="width: 612px; height: 792px;" ></div><hr/>
  <pre><code>.icon-digg1:</code></pre><div class="icon-digg1" style="width: 612px; height: 792px;" ></div><hr/>
  <pre><code>.icon-dog3:</code></pre><div class="icon-dog3" style="width: 612px; height: 792px;" ></div><hr/>
  <pre><code>.icon-down9:</code></pre><div class="icon-down9" style="width: 612px; height: 792px;" ></div><hr/>
  <pre><code>.icon-dribbble2:</code></pre><div class="icon-dribbble2" style="width: 612px; height: 792px;" ></div><hr/>
  <pre><code>.icon-edit7:</code></pre><div class="icon-edit7" style="width: 612px; height: 792px;" ></div><hr/>
  <pre><code>.icon-edit8:</code></pre><div class="icon-edit8" style="width: 612px; height: 792px;" ></div><hr/>
  <pre><code>.icon-eject7:</code></pre><div class="icon-eject7" style="width: 612px; height: 792px;" ></div><hr/>
  <pre><code>.icon-elevator1:</code></pre><div class="icon-elevator1" style="width: 612px; height: 792px;" ></div><hr/>
  <pre><code>.icon-error7:</code></pre><div class="icon-error7" style="width: 612px; height: 792px;" ></div><hr/>
  <pre><code>.icon-eyeball:</code></pre><div class="icon-eyeball" style="width: 612px; height: 792px;" ></div><hr/>
  <pre><code>.icon-facebook8:</code></pre><div class="icon-facebook8" style="width: 612px; height: 792px;" ></div><hr/>
  <pre><code>.icon-female2:</code></pre><div class="icon-female2" style="width: 612px; height: 792px;" ></div><hr/>
  <pre><code>.icon-file6:</code></pre><div class="icon-file6" style="width: 612px; height: 792px;" ></div><hr/>
  <pre><code>.icon-flag10:</code></pre><div class="icon-flag10" style="width: 612px; height: 792px;" ></div><hr/>
  <pre><code>.icon-flag9:</code></pre><div class="icon-flag9" style="width: 612px; height: 792px;" ></div><hr/>
  <pre><code>.icon-flickr3:</code></pre><div class="icon-flickr3" style="width: 612px; height: 792px;" ></div><hr/>
  <pre><code>.icon-folder17:</code></pre><div class="icon-folder17" style="width: 612px; height: 792px;" ></div><hr/>
  <pre><code>.icon-folder18:</code></pre><div class="icon-folder18" style="width: 612px; height: 792px;" ></div><hr/>
  <pre><code>.icon-font:</code></pre><div class="icon-font" style="width: 612px; height: 792px;" ></div><hr/>
  <pre><code>.icon-foursquare1:</code></pre><div class="icon-foursquare1" style="width: 612px; height: 792px;" ></div><hr/>
  <pre><code>.icon-github4:</code></pre><div class="icon-github4" style="width: 612px; height: 792px;" ></div><hr/>
  <pre><code>.icon-glasses3:</code></pre><div class="icon-glasses3" style="width: 612px; height: 792px;" ></div><hr/>
  <pre><code>.icon-globe4:</code></pre><div class="icon-globe4" style="width: 612px; height: 792px;" ></div><hr/>
  <pre><code>.icon-globe5:</code></pre><div class="icon-globe5" style="width: 612px; height: 792px;" ></div><hr/>
  <pre><code>.icon-globe6:</code></pre><div class="icon-globe6" style="width: 612px; height: 792px;" ></div><hr/>
  <pre><code>.icon-go:</code></pre><div class="icon-go" style="width: 612px; height: 792px;" ></div><hr/>
  <pre><code>.icon-go1:</code></pre><div class="icon-go1" style="width: 612px; height: 792px;" ></div><hr/>
  <pre><code>.icon-go2:</code></pre><div class="icon-go2" style="width: 612px; height: 792px;" ></div><hr/>
  <pre><code>.icon-go3:</code></pre><div class="icon-go3" style="width: 612px; height: 792px;" ></div><hr/>
  <pre><code>.icon-google14:</code></pre><div class="icon-google14" style="width: 612px; height: 792px;" ></div><hr/>
  <pre><code>.icon-graph4:</code></pre><div class="icon-graph4" style="width: 612px; height: 792px;" ></div><hr/>
  <pre><code>.icon-graph5:</code></pre><div class="icon-graph5" style="width: 612px; height: 792px;" ></div><hr/>
  <pre><code>.icon-hand12:</code></pre><div class="icon-hand12" style="width: 612px; height: 792px;" ></div><hr/>
  <pre><code>.icon-hearing:</code></pre><div class="icon-hearing" style="width: 612px; height: 792px;" ></div><hr/>
  <pre><code>.icon-heart14:</code></pre><div class="icon-heart14" style="width: 612px; height: 792px;" ></div><hr/>
  <pre><code>.icon-heart15:</code></pre><div class="icon-heart15" style="width: 612px; height: 792px;" ></div><hr/>
  <pre><code>.icon-home6:</code></pre><div class="icon-home6" style="width: 612px; height: 792px;" ></div><hr/>
  <pre><code>.icon-home7:</code></pre><div class="icon-home7" style="width: 612px; height: 792px;" ></div><hr/>
  <pre><code>.icon-idea:</code></pre><div class="icon-idea" style="width: 612px; height: 792px;" ></div><hr/>
  <pre><code>.icon-idea2:</code></pre><div class="icon-idea2" style="width: 612px; height: 792px;" ></div><hr/>
  <pre><code>.icon-inbox4:</code></pre><div class="icon-inbox4" style="width: 612px; height: 792px;" ></div><hr/>
  <pre><code>.icon-inbox5:</code></pre><div class="icon-inbox5" style="width: 612px; height: 792px;" ></div><hr/>
  <pre><code>.icon-instagram1:</code></pre><div class="icon-instagram1" style="width: 612px; height: 792px;" ></div><hr/>
  <pre><code>.icon-iphone3:</code></pre><div class="icon-iphone3" style="width: 612px; height: 792px;" ></div><hr/>
  <pre><code>.icon-key10:</code></pre><div class="icon-key10" style="width: 612px; height: 792px;" ></div><hr/>
  <pre><code>.icon-laptop4:</code></pre><div class="icon-laptop4" style="width: 612px; height: 792px;" ></div><hr/>
  <pre><code>.icon-laptop5:</code></pre><div class="icon-laptop5" style="width: 612px; height: 792px;" ></div><hr/>
  <pre><code>.icon-left21:</code></pre><div class="icon-left21" style="width: 612px; height: 792px;" ></div><hr/>
  <pre><code>.icon-linked:</code></pre><div class="icon-linked" style="width: 612px; height: 792px;" ></div><hr/>
  <pre><code>.icon-location14:</code></pre><div class="icon-location14" style="width: 612px; height: 792px;" ></div><hr/>
  <pre><code>.icon-location15:</code></pre><div class="icon-location15" style="width: 612px; height: 792px;" ></div><hr/>
  <pre><code>.icon-lock8:</code></pre><div class="icon-lock8" style="width: 612px; height: 792px;" ></div><hr/>
  <pre><code>.icon-lock9:</code></pre><div class="icon-lock9" style="width: 612px; height: 792px;" ></div><hr/>
  <pre><code>.icon-mail7:</code></pre><div class="icon-mail7" style="width: 612px; height: 792px;" ></div><hr/>
  <pre><code>.icon-mail8:</code></pre><div class="icon-mail8" style="width: 612px; height: 792px;" ></div><hr/>
  <pre><code>.icon-male3:</code></pre><div class="icon-male3" style="width: 612px; height: 792px;" ></div><hr/>
  <pre><code>.icon-microphone10:</code></pre><div class="icon-microphone10" style="width: 612px; height: 792px;" ></div><hr/>
  <pre><code>.icon-microphone11:</code></pre><div class="icon-microphone11" style="width: 612px; height: 792px;" ></div><hr/>
  <pre><code>.icon-minus7:</code></pre><div class="icon-minus7" style="width: 612px; height: 792px;" ></div><hr/>
  <pre><code>.icon-minus8:</code></pre><div class="icon-minus8" style="width: 612px; height: 792px;" ></div><hr/>
  <pre><code>.icon-monitor2:</code></pre><div class="icon-monitor2" style="width: 612px; height: 792px;" ></div><hr/>
  <pre><code>.icon-outline1:</code></pre><div class="icon-outline1" style="width: 612px; height: 792px;" ></div><hr/>
  <pre><code>.icon-page7:</code></pre><div class="icon-page7" style="width: 612px; height: 792px;" ></div><hr/>
  <pre><code>.icon-pages:</code></pre><div class="icon-pages" style="width: 612px; height: 792px;" ></div><hr/>
  <pre><code>.icon-paper12:</code></pre><div class="icon-paper12" style="width: 612px; height: 792px;" ></div><hr/>
  <pre><code>.icon-paper13:</code></pre><div class="icon-paper13" style="width: 612px; height: 792px;" ></div><hr/>
  <pre><code>.icon-path:</code></pre><div class="icon-path" style="width: 612px; height: 792px;" ></div><hr/>
  <pre><code>.icon-people3:</code></pre><div class="icon-people3" style="width: 612px; height: 792px;" ></div><hr/>
  <pre><code>.icon-people5:</code></pre><div class="icon-people5" style="width: 612px; height: 792px;" ></div><hr/>
  <pre><code>.icon-person11:</code></pre><div class="icon-person11" style="width: 612px; height: 792px;" ></div><hr/>
  <pre><code>.icon-person8:</code></pre><div class="icon-person8" style="width: 612px; height: 792px;" ></div><hr/>
  <pre><code>.icon-person9:</code></pre><div class="icon-person9" style="width: 612px; height: 792px;" ></div><hr/>
  <pre><code>.icon-phone16:</code></pre><div class="icon-phone16" style="width: 612px; height: 792px;" ></div><hr/>
  <pre><code>.icon-phone17:</code></pre><div class="icon-phone17" style="width: 612px; height: 792px;" ></div><hr/>
  <pre><code>.icon-photo5:</code></pre><div class="icon-photo5" style="width: 612px; height: 792px;" ></div><hr/>
  <pre><code>.icon-photo6:</code></pre><div class="icon-photo6" style="width: 612px; height: 792px;" ></div><hr/>
  <pre><code>.icon-picassa1:</code></pre><div class="icon-picassa1" style="width: 612px; height: 792px;" ></div><hr/>
  <pre><code>.icon-pinterest7:</code></pre><div class="icon-pinterest7" style="width: 612px; height: 792px;" ></div><hr/>
  <pre><code>.icon-plus10:</code></pre><div class="icon-plus10" style="width: 612px; height: 792px;" ></div><hr/>
  <pre><code>.icon-plus9:</code></pre><div class="icon-plus9" style="width: 612px; height: 792px;" ></div><hr/>
  <pre><code>.icon-question5:</code></pre><div class="icon-question5" style="width: 612px; height: 792px;" ></div><hr/>
  <pre><code>.icon-quote:</code></pre><div class="icon-quote" style="width: 612px; height: 792px;" ></div><hr/>
  <pre><code>.icon-quote1:</code></pre><div class="icon-quote1" style="width: 612px; height: 792px;" ></div><hr/>
  <pre><code>.icon-reddit2:</code></pre><div class="icon-reddit2" style="width: 612px; height: 792px;" ></div><hr/>
  <pre><code>.icon-refresh8:</code></pre><div class="icon-refresh8" style="width: 612px; height: 792px;" ></div><hr/>
  <pre><code>.icon-refresh9:</code></pre><div class="icon-refresh9" style="width: 612px; height: 792px;" ></div><hr/>
  <pre><code>.icon-right19:</code></pre><div class="icon-right19" style="width: 612px; height: 792px;" ></div><hr/>
  <pre><code>.icon-rss9:</code></pre><div class="icon-rss9" style="width: 612px; height: 792px;" ></div><hr/>
  <pre><code>.icon-screen1:</code></pre><div class="icon-screen1" style="width: 612px; height: 792px;" ></div><hr/>
  <pre><code>.icon-search8:</code></pre><div class="icon-search8" style="width: 612px; height: 792px;" ></div><hr/>
  <pre><code>.icon-search9:</code></pre><div class="icon-search9" style="width: 612px; height: 792px;" ></div><hr/>
  <pre><code>.icon-settings8:</code></pre><div class="icon-settings8" style="width: 612px; height: 792px;" ></div><hr/>
  <pre><code>.icon-settings9:</code></pre><div class="icon-settings9" style="width: 612px; height: 792px;" ></div><hr/>
  <pre><code>.icon-shopping10:</code></pre><div class="icon-shopping10" style="width: 612px; height: 792px;" ></div><hr/>
  <pre><code>.icon-shopping11:</code></pre><div class="icon-shopping11" style="width: 612px; height: 792px;" ></div><hr/>
  <pre><code>.icon-slide1:</code></pre><div class="icon-slide1" style="width: 612px; height: 792px;" ></div><hr/>
  <pre><code>.icon-smiley3:</code></pre><div class="icon-smiley3" style="width: 612px; height: 792px;" ></div><hr/>
  <pre><code>.icon-smiley4:</code></pre><div class="icon-smiley4" style="width: 612px; height: 792px;" ></div><hr/>
  <pre><code>.icon-speaker:</code></pre><div class="icon-speaker" style="width: 612px; height: 792px;" ></div><hr/>
  <pre><code>.icon-star6:</code></pre><div class="icon-star6" style="width: 612px; height: 792px;" ></div><hr/>
  <pre><code>.icon-star7:</code></pre><div class="icon-star7" style="width: 612px; height: 792px;" ></div><hr/>
  <pre><code>.icon-steam1:</code></pre><div class="icon-steam1" style="width: 612px; height: 792px;" ></div><hr/>
  <pre><code>.icon-stumbleupon4:</code></pre><div class="icon-stumbleupon4" style="width: 612px; height: 792px;" ></div><hr/>
  <pre><code>.icon-thumbs7:</code></pre><div class="icon-thumbs7" style="width: 612px; height: 792px;" ></div><hr/>
  <pre><code>.icon-thumbs8:</code></pre><div class="icon-thumbs8" style="width: 612px; height: 792px;" ></div><hr/>
  <pre><code>.icon-times1:</code></pre><div class="icon-times1" style="width: 612px; height: 792px;" ></div><hr/>
  <pre><code>.icon-trash6:</code></pre><div class="icon-trash6" style="width: 612px; height: 792px;" ></div><hr/>
  <pre><code>.icon-trash7:</code></pre><div class="icon-trash7" style="width: 612px; height: 792px;" ></div><hr/>
  <pre><code>.icon-tumblr5:</code></pre><div class="icon-tumblr5" style="width: 612px; height: 792px;" ></div><hr/>
  <pre><code>.icon-twitter8:</code></pre><div class="icon-twitter8" style="width: 612px; height: 792px;" ></div><hr/>
  <pre><code>.icon-universal:</code></pre><div class="icon-universal" style="width: 612px; height: 792px;" ></div><hr/>
  <pre><code>.icon-unlock:</code></pre><div class="icon-unlock" style="width: 612px; height: 792px;" ></div><hr/>
  <pre><code>.icon-unlock1:</code></pre><div class="icon-unlock1" style="width: 612px; height: 792px;" ></div><hr/>
  <pre><code>.icon-up13:</code></pre><div class="icon-up13" style="width: 612px; height: 792px;" ></div><hr/>
  <pre><code>.icon-video10:</code></pre><div class="icon-video10" style="width: 612px; height: 792px;" ></div><hr/>
  <pre><code>.icon-video11:</code></pre><div class="icon-video11" style="width: 612px; height: 792px;" ></div><hr/>
  <pre><code>.icon-video9:</code></pre><div class="icon-video9" style="width: 612px; height: 792px;" ></div><hr/>
  <pre><code>.icon-view4:</code></pre><div class="icon-view4" style="width: 612px; height: 792px;" ></div><hr/>
  <pre><code>.icon-vimeo4:</code></pre><div class="icon-vimeo4" style="width: 612px; height: 792px;" ></div><hr/>
  <pre><code>.icon-website:</code></pre><div class="icon-website" style="width: 612px; height: 792px;" ></div><hr/>
  <pre><code>.icon-website1:</code></pre><div class="icon-website1" style="width: 612px; height: 792px;" ></div><hr/>
  <pre><code>.icon-wheelchair:</code></pre><div class="icon-wheelchair" style="width: 612px; height: 792px;" ></div><hr/>
  <pre><code>.icon-wordpress4:</code></pre><div class="icon-wordpress4" style="width: 612px; height: 792px;" ></div><hr/>
  <pre><code>.icon-world6:</code></pre><div class="icon-world6" style="width: 612px; height: 792px;" ></div><hr/>
  <pre><code>.icon-wrench2:</code></pre><div class="icon-wrench2" style="width: 612px; height: 792px;" ></div><hr/>
  <pre><code>.icon-wrong2:</code></pre><div class="icon-wrong2" style="width: 612px; height: 792px;" ></div><hr/>
  <pre><code>.icon-youtube5:</code></pre><div class="icon-youtube5" style="width: 612px; height: 792px;" ></div><hr/>
</body>
</html>