<!doctype HTML>
<html>
<head>
  <title>Icons Preview!</title>
  <style>
    body {
      background-image: linear-gradient(#eee 25%, transparent 25%, transparent), linear-gradient(#eee 25%, transparent 25%, transparent), linear-gradient(transparent 75%, #eee 75%), linear-gradient(transparent 75%, #eee 75%);
      width: 100%;
      background-size: 10px 10px;
    }
  </style>
  <link href="cssprefix.css" rel="stylesheet">
</head>
<body>
  <pre><code>.glyphicon-add32:</code></pre><div class="glyphicon-add32" style="width: 612px; height: 792px;" ></div><hr/>
  <pre><code>.glyphicon-add34:</code></pre><div class="glyphicon-add34" style="width: 612px; height: 792px;" ></div><hr/>
  <pre><code>.glyphicon-address6:</code></pre><div class="glyphicon-address6" style="width: 612px; height: 792px;" ></div><hr/>
  <pre><code>.glyphicon-address7:</code></pre><div class="glyphicon-address7" style="width: 612px; height: 792px;" ></div><hr/>
  <pre><code>.glyphicon-adult:</code></pre><div class="glyphicon-adult" style="width: 612px; height: 792px;" ></div><hr/>
  <pre><code>.glyphicon-behance1:</code></pre><div class="glyphicon-behance1" style="width: 612px; height: 792px;" ></div><hr/>
  <pre><code>.glyphicon-black53:</code></pre><div class="glyphicon-black53" style="width: 612px; height: 792px;" ></div><hr/>
  <pre><code>.glyphicon-black56:</code></pre><div class="glyphicon-black56" style="width: 612px; height: 792px;" ></div><hr/>
  <pre><code>.glyphicon-blind:</code></pre><div class="glyphicon-blind" style="width: 612px; height: 792px;" ></div><hr/>
  <pre><code>.glyphicon-calendar7:</code></pre><div class="glyphicon-calendar7" style="width: 612px; height: 792px;" ></div><hr/>
  <pre><code>.glyphicon-calendar9:</code></pre><div class="glyphicon-calendar9" style="width: 612px; height: 792px;" ></div><hr/>
  <pre><code>.glyphicon-chat2:</code></pre><div class="glyphicon-chat2" style="width: 612px; height: 792px;" ></div><hr/>
  <pre><code>.glyphicon-check6:</code></pre><div class="glyphicon-check6" style="width: 612px; height: 792px;" ></div><hr/>
  <pre><code>.glyphicon-check7:</code></pre><div class="glyphicon-check7" style="width: 612px; height: 792px;" ></div><hr/>
  <pre><code>.glyphicon-circle12:</code></pre><div class="glyphicon-circle12" style="width: 612px; height: 792px;" ></div><hr/>
  <pre><code>.glyphicon-clock6:</code></pre><div class="glyphicon-clock6" style="width: 612px; height: 792px;" ></div><hr/>
  <pre><code>.glyphicon-closed4:</code></pre><div class="glyphicon-closed4" style="width: 612px; height: 792px;" ></div><hr/>
  <pre><code>.glyphicon-cloud16:</code></pre><div class="glyphicon-cloud16" style="width: 612px; height: 792px;" ></div><hr/>
  <pre><code>.glyphicon-cloud17:</code></pre><div class="glyphicon-cloud17" style="width: 612px; height: 792px;" ></div><hr/>
  <pre><code>.glyphicon-compass5:</code></pre><div class="glyphicon-compass5" style="width: 612px; height: 792px;" ></div><hr/>
  <pre><code>.glyphicon-compass6:</code></pre><div class="glyphicon-compass6" style="width: 612px; height: 792px;" ></div><hr/>
  <pre><code>.glyphicon-css:</code></pre><div class="glyphicon-css" style="width: 612px; height: 792px;" ></div><hr/>
  <pre><code>.glyphicon-delicious2:</code></pre><div class="glyphicon-delicious2" style="width: 612px; height: 792px;" ></div><hr/>
  <pre><code>.glyphicon-digg1:</code></pre><div class="glyphicon-digg1" style="width: 612px; height: 792px;" ></div><hr/>
  <pre><code>.glyphicon-dog3:</code></pre><div class="glyphicon-dog3" style="width: 612px; height: 792px;" ></div><hr/>
  <pre><code>.glyphicon-down9:</code></pre><div class="glyphicon-down9" style="width: 612px; height: 792px;" ></div><hr/>
  <pre><code>.glyphicon-dribbble2:</code></pre><div class="glyphicon-dribbble2" style="width: 612px; height: 792px;" ></div><hr/>
  <pre><code>.glyphicon-edit7:</code></pre><div class="glyphicon-edit7" style="width: 612px; height: 792px;" ></div><hr/>
  <pre><code>.glyphicon-edit8:</code></pre><div class="glyphicon-edit8" style="width: 612px; height: 792px;" ></div><hr/>
  <pre><code>.glyphicon-eject7:</code></pre><div class="glyphicon-eject7" style="width: 612px; height: 792px;" ></div><hr/>
  <pre><code>.glyphicon-elevator1:</code></pre><div class="glyphicon-elevator1" style="width: 612px; height: 792px;" ></div><hr/>
  <pre><code>.glyphicon-error7:</code></pre><div class="glyphicon-error7" style="width: 612px; height: 792px;" ></div><hr/>
  <pre><code>.glyphicon-eyeball:</code></pre><div class="glyphicon-eyeball" style="width: 612px; height: 792px;" ></div><hr/>
  <pre><code>.glyphicon-facebook8:</code></pre><div class="glyphicon-facebook8" style="width: 612px; height: 792px;" ></div><hr/>
  <pre><code>.glyphicon-female2:</code></pre><div class="glyphicon-female2" style="width: 612px; height: 792px;" ></div><hr/>
  <pre><code>.glyphicon-file6:</code></pre><div class="glyphicon-file6" style="width: 612px; height: 792px;" ></div><hr/>
  <pre><code>.glyphicon-flag10:</code></pre><div class="glyphicon-flag10" style="width: 612px; height: 792px;" ></div><hr/>
  <pre><code>.glyphicon-flag9:</code></pre><div class="glyphicon-flag9" style="width: 612px; height: 792px;" ></div><hr/>
  <pre><code>.glyphicon-flickr3:</code></pre><div class="glyphicon-flickr3" style="width: 612px; height: 792px;" ></div><hr/>
  <pre><code>.glyphicon-folder17:</code></pre><div class="glyphicon-folder17" style="width: 612px; height: 792px;" ></div><hr/>
  <pre><code>.glyphicon-folder18:</code></pre><div class="glyphicon-folder18" style="width: 612px; height: 792px;" ></div><hr/>
  <pre><code>.glyphicon-font:</code></pre><div class="glyphicon-font" style="width: 612px; height: 792px;" ></div><hr/>
  <pre><code>.glyphicon-foursquare1:</code></pre><div class="glyphicon-foursquare1" style="width: 612px; height: 792px;" ></div><hr/>
  <pre><code>.glyphicon-github4:</code></pre><div class="glyphicon-github4" style="width: 612px; height: 792px;" ></div><hr/>
  <pre><code>.glyphicon-glasses3:</code></pre><div class="glyphicon-glasses3" style="width: 612px; height: 792px;" ></div><hr/>
  <pre><code>.glyphicon-globe4:</code></pre><div class="glyphicon-globe4" style="width: 612px; height: 792px;" ></div><hr/>
  <pre><code>.glyphicon-globe5:</code></pre><div class="glyphicon-globe5" style="width: 612px; height: 792px;" ></div><hr/>
  <pre><code>.glyphicon-globe6:</code></pre><div class="glyphicon-globe6" style="width: 612px; height: 792px;" ></div><hr/>
  <pre><code>.glyphicon-go:</code></pre><div class="glyphicon-go" style="width: 612px; height: 792px;" ></div><hr/>
  <pre><code>.glyphicon-go1:</code></pre><div class="glyphicon-go1" style="width: 612px; height: 792px;" ></div><hr/>
  <pre><code>.glyphicon-go2:</code></pre><div class="glyphicon-go2" style="width: 612px; height: 792px;" ></div><hr/>
  <pre><code>.glyphicon-go3:</code></pre><div class="glyphicon-go3" style="width: 612px; height: 792px;" ></div><hr/>
  <pre><code>.glyphicon-google14:</code></pre><div class="glyphicon-google14" style="width: 612px; height: 792px;" ></div><hr/>
  <pre><code>.glyphicon-graph4:</code></pre><div class="glyphicon-graph4" style="width: 612px; height: 792px;" ></div><hr/>
  <pre><code>.glyphicon-graph5:</code></pre><div class="glyphicon-graph5" style="width: 612px; height: 792px;" ></div><hr/>
  <pre><code>.glyphicon-hand12:</code></pre><div class="glyphicon-hand12" style="width: 612px; height: 792px;" ></div><hr/>
  <pre><code>.glyphicon-hearing:</code></pre><div class="glyphicon-hearing" style="width: 612px; height: 792px;" ></div><hr/>
  <pre><code>.glyphicon-heart14:</code></pre><div class="glyphicon-heart14" style="width: 612px; height: 792px;" ></div><hr/>
  <pre><code>.glyphicon-heart15:</code></pre><div class="glyphicon-heart15" style="width: 612px; height: 792px;" ></div><hr/>
  <pre><code>.glyphicon-home6:</code></pre><div class="glyphicon-home6" style="width: 612px; height: 792px;" ></div><hr/>
  <pre><code>.glyphicon-home7:</code></pre><div class="glyphicon-home7" style="width: 612px; height: 792px;" ></div><hr/>
  <pre><code>.glyphicon-idea:</code></pre><div class="glyphicon-idea" style="width: 612px; height: 792px;" ></div><hr/>
  <pre><code>.glyphicon-idea2:</code></pre><div class="glyphicon-idea2" style="width: 612px; height: 792px;" ></div><hr/>
  <pre><code>.glyphicon-inbox4:</code></pre><div class="glyphicon-inbox4" style="width: 612px; height: 792px;" ></div><hr/>
  <pre><code>.glyphicon-inbox5:</code></pre><div class="glyphicon-inbox5" style="width: 612px; height: 792px;" ></div><hr/>
  <pre><code>.glyphicon-instagram1:</code></pre><div class="glyphicon-instagram1" style="width: 612px; height: 792px;" ></div><hr/>
  <pre><code>.glyphicon-iphone3:</code></pre><div class="glyphicon-iphone3" style="width: 612px; height: 792px;" ></div><hr/>
  <pre><code>.glyphicon-key10:</code></pre><div class="glyphicon-key10" style="width: 612px; height: 792px;" ></div><hr/>
  <pre><code>.glyphicon-laptop4:</code></pre><div class="glyphicon-laptop4" style="width: 612px; height: 792px;" ></div><hr/>
  <pre><code>.glyphicon-laptop5:</code></pre><div class="glyphicon-laptop5" style="width: 612px; height: 792px;" ></div><hr/>
  <pre><code>.glyphicon-left21:</code></pre><div class="glyphicon-left21" style="width: 612px; height: 792px;" ></div><hr/>
  <pre><code>.glyphicon-linked:</code></pre><div class="glyphicon-linked" style="width: 612px; height: 792px;" ></div><hr/>
  <pre><code>.glyphicon-location14:</code></pre><div class="glyphicon-location14" style="width: 612px; height: 792px;" ></div><hr/>
  <pre><code>.glyphicon-location15:</code></pre><div class="glyphicon-location15" style="width: 612px; height: 792px;" ></div><hr/>
  <pre><code>.glyphicon-lock8:</code></pre><div class="glyphicon-lock8" style="width: 612px; height: 792px;" ></div><hr/>
  <pre><code>.glyphicon-lock9:</code></pre><div class="glyphicon-lock9" style="width: 612px; height: 792px;" ></div><hr/>
  <pre><code>.glyphicon-mail7:</code></pre><div class="glyphicon-mail7" style="width: 612px; height: 792px;" ></div><hr/>
  <pre><code>.glyphicon-mail8:</code></pre><div class="glyphicon-mail8" style="width: 612px; height: 792px;" ></div><hr/>
  <pre><code>.glyphicon-male3:</code></pre><div class="glyphicon-male3" style="width: 612px; height: 792px;" ></div><hr/>
  <pre><code>.glyphicon-microphone10:</code></pre><div class="glyphicon-microphone10" style="width: 612px; height: 792px;" ></div><hr/>
  <pre><code>.glyphicon-microphone11:</code></pre><div class="glyphicon-microphone11" style="width: 612px; height: 792px;" ></div><hr/>
  <pre><code>.glyphicon-minus7:</code></pre><div class="glyphicon-minus7" style="width: 612px; height: 792px;" ></div><hr/>
  <pre><code>.glyphicon-minus8:</code></pre><div class="glyphicon-minus8" style="width: 612px; height: 792px;" ></div><hr/>
  <pre><code>.glyphicon-monitor2:</code></pre><div class="glyphicon-monitor2" style="width: 612px; height: 792px;" ></div><hr/>
  <pre><code>.glyphicon-outline1:</code></pre><div class="glyphicon-outline1" style="width: 612px; height: 792px;" ></div><hr/>
  <pre><code>.glyphicon-page7:</code></pre><div class="glyphicon-page7" style="width: 612px; height: 792px;" ></div><hr/>
  <pre><code>.glyphicon-pages:</code></pre><div class="glyphicon-pages" style="width: 612px; height: 792px;" ></div><hr/>
  <pre><code>.glyphicon-paper12:</code></pre><div class="glyphicon-paper12" style="width: 612px; height: 792px;" ></div><hr/>
  <pre><code>.glyphicon-paper13:</code></pre><div class="glyphicon-paper13" style="width: 612px; height: 792px;" ></div><hr/>
  <pre><code>.glyphicon-path:</code></pre><div class="glyphicon-path" style="width: 612px; height: 792px;" ></div><hr/>
  <pre><code>.glyphicon-people3:</code></pre><div class="glyphicon-people3" style="width: 612px; height: 792px;" ></div><hr/>
  <pre><code>.glyphicon-people5:</code></pre><div class="glyphicon-people5" style="width: 612px; height: 792px;" ></div><hr/>
  <pre><code>.glyphicon-person11:</code></pre><div class="glyphicon-person11" style="width: 612px; height: 792px;" ></div><hr/>
  <pre><code>.glyphicon-person8:</code></pre><div class="glyphicon-person8" style="width: 612px; height: 792px;" ></div><hr/>
  <pre><code>.glyphicon-person9:</code></pre><div class="glyphicon-person9" style="width: 612px; height: 792px;" ></div><hr/>
  <pre><code>.glyphicon-phone16:</code></pre><div class="glyphicon-phone16" style="width: 612px; height: 792px;" ></div><hr/>
  <pre><code>.glyphicon-phone17:</code></pre><div class="glyphicon-phone17" style="width: 612px; height: 792px;" ></div><hr/>
  <pre><code>.glyphicon-photo5:</code></pre><div class="glyphicon-photo5" style="width: 612px; height: 792px;" ></div><hr/>
  <pre><code>.glyphicon-photo6:</code></pre><div class="glyphicon-photo6" style="width: 612px; height: 792px;" ></div><hr/>
  <pre><code>.glyphicon-picassa1:</code></pre><div class="glyphicon-picassa1" style="width: 612px; height: 792px;" ></div><hr/>
  <pre><code>.glyphicon-pinterest7:</code></pre><div class="glyphicon-pinterest7" style="width: 612px; height: 792px;" ></div><hr/>
  <pre><code>.glyphicon-plus10:</code></pre><div class="glyphicon-plus10" style="width: 612px; height: 792px;" ></div><hr/>
  <pre><code>.glyphicon-plus9:</code></pre><div class="glyphicon-plus9" style="width: 612px; height: 792px;" ></div><hr/>
  <pre><code>.glyphicon-question5:</code></pre><div class="glyphicon-question5" style="width: 612px; height: 792px;" ></div><hr/>
  <pre><code>.glyphicon-quote:</code></pre><div class="glyphicon-quote" style="width: 612px; height: 792px;" ></div><hr/>
  <pre><code>.glyphicon-quote1:</code></pre><div class="glyphicon-quote1" style="width: 612px; height: 792px;" ></div><hr/>
  <pre><code>.glyphicon-reddit2:</code></pre><div class="glyphicon-reddit2" style="width: 612px; height: 792px;" ></div><hr/>
  <pre><code>.glyphicon-refresh8:</code></pre><div class="glyphicon-refresh8" style="width: 612px; height: 792px;" ></div><hr/>
  <pre><code>.glyphicon-refresh9:</code></pre><div class="glyphicon-refresh9" style="width: 612px; height: 792px;" ></div><hr/>
  <pre><code>.glyphicon-right19:</code></pre><div class="glyphicon-right19" style="width: 612px; height: 792px;" ></div><hr/>
  <pre><code>.glyphicon-rss9:</code></pre><div class="glyphicon-rss9" style="width: 612px; height: 792px;" ></div><hr/>
  <pre><code>.glyphicon-screen1:</code></pre><div class="glyphicon-screen1" style="width: 612px; height: 792px;" ></div><hr/>
  <pre><code>.glyphicon-search8:</code></pre><div class="glyphicon-search8" style="width: 612px; height: 792px;" ></div><hr/>
  <pre><code>.glyphicon-search9:</code></pre><div class="glyphicon-search9" style="width: 612px; height: 792px;" ></div><hr/>
  <pre><code>.glyphicon-settings8:</code></pre><div class="glyphicon-settings8" style="width: 612px; height: 792px;" ></div><hr/>
  <pre><code>.glyphicon-settings9:</code></pre><div class="glyphicon-settings9" style="width: 612px; height: 792px;" ></div><hr/>
  <pre><code>.glyphicon-shopping10:</code></pre><div class="glyphicon-shopping10" style="width: 612px; height: 792px;" ></div><hr/>
  <pre><code>.glyphicon-shopping11:</code></pre><div class="glyphicon-shopping11" style="width: 612px; height: 792px;" ></div><hr/>
  <pre><code>.glyphicon-slide1:</code></pre><div class="glyphicon-slide1" style="width: 612px; height: 792px;" ></div><hr/>
  <pre><code>.glyphicon-smiley3:</code></pre><div class="glyphicon-smiley3" style="width: 612px; height: 792px;" ></div><hr/>
  <pre><code>.glyphicon-smiley4:</code></pre><div class="glyphicon-smiley4" style="width: 612px; height: 792px;" ></div><hr/>
  <pre><code>.glyphicon-speaker:</code></pre><div class="glyphicon-speaker" style="width: 612px; height: 792px;" ></div><hr/>
  <pre><code>.glyphicon-star6:</code></pre><div class="glyphicon-star6" style="width: 612px; height: 792px;" ></div><hr/>
  <pre><code>.glyphicon-star7:</code></pre><div class="glyphicon-star7" style="width: 612px; height: 792px;" ></div><hr/>
  <pre><code>.glyphicon-steam1:</code></pre><div class="glyphicon-steam1" style="width: 612px; height: 792px;" ></div><hr/>
  <pre><code>.glyphicon-stumbleupon4:</code></pre><div class="glyphicon-stumbleupon4" style="width: 612px; height: 792px;" ></div><hr/>
  <pre><code>.glyphicon-thumbs7:</code></pre><div class="glyphicon-thumbs7" style="width: 612px; height: 792px;" ></div><hr/>
  <pre><code>.glyphicon-thumbs8:</code></pre><div class="glyphicon-thumbs8" style="width: 612px; height: 792px;" ></div><hr/>
  <pre><code>.glyphicon-times1:</code></pre><div class="glyphicon-times1" style="width: 612px; height: 792px;" ></div><hr/>
  <pre><code>.glyphicon-trash6:</code></pre><div class="glyphicon-trash6" style="width: 612px; height: 792px;" ></div><hr/>
  <pre><code>.glyphicon-trash7:</code></pre><div class="glyphicon-trash7" style="width: 612px; height: 792px;" ></div><hr/>
  <pre><code>.glyphicon-tumblr5:</code></pre><div class="glyphicon-tumblr5" style="width: 612px; height: 792px;" ></div><hr/>
  <pre><code>.glyphicon-twitter8:</code></pre><div class="glyphicon-twitter8" style="width: 612px; height: 792px;" ></div><hr/>
  <pre><code>.glyphicon-universal:</code></pre><div class="glyphicon-universal" style="width: 612px; height: 792px;" ></div><hr/>
  <pre><code>.glyphicon-unlock:</code></pre><div class="glyphicon-unlock" style="width: 612px; height: 792px;" ></div><hr/>
  <pre><code>.glyphicon-unlock1:</code></pre><div class="glyphicon-unlock1" style="width: 612px; height: 792px;" ></div><hr/>
  <pre><code>.glyphicon-up13:</code></pre><div class="glyphicon-up13" style="width: 612px; height: 792px;" ></div><hr/>
  <pre><code>.glyphicon-video10:</code></pre><div class="glyphicon-video10" style="width: 612px; height: 792px;" ></div><hr/>
  <pre><code>.glyphicon-video11:</code></pre><div class="glyphicon-video11" style="width: 612px; height: 792px;" ></div><hr/>
  <pre><code>.glyphicon-video9:</code></pre><div class="glyphicon-video9" style="width: 612px; height: 792px;" ></div><hr/>
  <pre><code>.glyphicon-view4:</code></pre><div class="glyphicon-view4" style="width: 612px; height: 792px;" ></div><hr/>
  <pre><code>.glyphicon-vimeo4:</code></pre><div class="glyphicon-vimeo4" style="width: 612px; height: 792px;" ></div><hr/>
  <pre><code>.glyphicon-website:</code></pre><div class="glyphicon-website" style="width: 612px; height: 792px;" ></div><hr/>
  <pre><code>.glyphicon-website1:</code></pre><div class="glyphicon-website1" style="width: 612px; height: 792px;" ></div><hr/>
  <pre><code>.glyphicon-wheelchair:</code></pre><div class="glyphicon-wheelchair" style="width: 612px; height: 792px;" ></div><hr/>
  <pre><code>.glyphicon-wordpress4:</code></pre><div class="glyphicon-wordpress4" style="width: 612px; height: 792px;" ></div><hr/>
  <pre><code>.glyphicon-world6:</code></pre><div class="glyphicon-world6" style="width: 612px; height: 792px;" ></div><hr/>
  <pre><code>.glyphicon-wrench2:</code></pre><div class="glyphicon-wrench2" style="width: 612px; height: 792px;" ></div><hr/>
  <pre><code>.glyphicon-wrong2:</code></pre><div class="glyphicon-wrong2" style="width: 612px; height: 792px;" ></div><hr/>
  <pre><code>.glyphicon-youtube5:</code></pre><div class="glyphicon-youtube5" style="width: 612px; height: 792px;" ></div><hr/>
</body>
</html>